// Jest Snapshot v1, https://goo.gl/fbAQLP

exports[`CitiesList should render correctly 1`] = `
<div>
  <ul
    class="locations__list tabs__list"
  >
    <li
      class="locations__item"
    >
      <span
        class="locations__item-link tabs__item tabs__item--active"
      >
        Paris
      </span>
    </li>
    <li
      class="locations__item"
    >
      <span
        class="locations__item-link tabs__item "
      >
        Cologne
      </span>
    </li>
    <li
      class="locations__item"
    >
      <span
        class="locations__item-link tabs__item "
      >
        Brussels
      </span>
    </li>
    <li
      class="locations__item"
    >
      <span
        class="locations__item-link tabs__item "
      >
        Amsterdam
      </span>
    </li>
    <li
      class="locations__item"
    >
      <span
        class="locations__item-link tabs__item "
      >
        Hamburg
      </span>
    </li>
    <li
      class="locations__item"
    >
      <span
        class="locations__item-link tabs__item "
      >
        Dusseldorf
      </span>
    </li>
  </ul>
</div>
`;
